bash-5.2$ << $"USER"
> 
bash: warning: here-document at line 60 delimited by end-of-file (wanted `USER')
bash-5.2$ << "$USER"
> 
bash: warning: here-document at line 61 delimited by end-of-file (wanted `$USER')
bash-5.2$ << $
> 
bash: warning: here-document at line 62 delimited by end-of-file (wanted `$')
bash-5.2$ << $USER
> 
bash: warning: here-document at line 63 delimited by end-of-file (wanted `$USER')
bash-5.2$ << $"USER"
> 
bash: warning: here-document at line 64 delimited by end-of-file (wanted `USER')
bash-5.2$ << $""
> 
bash: warning: here-document at line 65 delimited by end-of-file (wanted `')
bash-5.2$ << $''
> 
bash: warning: here-document at line 66 delimited by end-of-file (wanted `')
bash-5.2$ << $U"U"
> 
bash: warning: here-document at line 67 delimited by end-of-file (wanted `$UU')
bash-5.2$ << $"UU"
> 
bash: warning: here-document at line 68 delimited by end-of-file (wanted `UU')
bash-5.2$ << "$""UU"
> 
bash: warning: here-document at line 69 delimited by end-of-file (wanted `$UU')
bash-5.2$ << '$'"UU"
> 
bash: warning: here-document at line 70 delimited by end-of-file (wanted `$UU')
bash-5.2$ << $"UU"
> 
bash: warning: here-document at line 71 delimited by end-of-file (wanted `UU')
bash-5.2$ << $"UU"^C


******************



HANDEL AMBEGIUOS COMMANDD $A="BAL BLA" OR EMPTY



*************************

minihell $> 'f
SYNTAX ERROR: unclosed quotes
Token: [f\] (WORD)
minihell $> 'ff
SYNTAX ERROR: unclosed quotes
Token: [ff�U] (WORD)
minihell $> 


i think this was just a printf error

*****************************


make a heredoc flag to figure out if u'll expand in the input or nuh
 
 
 
*******

minihell $> '
SYNTAX ERROR: unclosed quotes
Token: [d�U] (WORD)
minihell $> \'
SYNTAX ERROR: unclosed quotes
Token: [\d�U] (WORD)
minihell $> 

idk wtf is this 


************

